[     198ms] [INFO] %cDownload the React DevTools for a better development experience: https://reactjs.org/link/react-devtools font-weight:bold @ http://localhost:8080/node_modules/.vite/deps/chunk-T2SWDQEL.js?v=7f0cc474:21550
[     267ms] [WARNING] ⚠️ React Router Future Flag Warning: React Router will begin wrapping state updates in `React.startTransition` in v7. You can use the `v7_startTransition` future flag to opt-in early. For more information, see https://reactrouter.com/v6/upgrading/future#v7_starttransition. @ http://localhost:8080/node_modules/.vite/deps/react-router-dom.js?v=7f0cc474:4435
[     267ms] [WARNING] ⚠️ React Router Future Flag Warning: Relative route resolution within Splat routes is changing in v7. You can use the `v7_relativeSplatPath` future flag to opt-in early. For more information, see https://reactrouter.com/v6/upgrading/future#v7_relativesplatpath. @ http://localhost:8080/node_modules/.vite/deps/react-router-dom.js?v=7f0cc474:4435
[ 2203239ms] [VERBOSE] [DOM] Input elements should have autocomplete attributes (suggested: "current-password"): (More info: https://goo.gl/9p2vKq) %o @ http://localhost:8080/auth:0
[ 2655973ms] [VERBOSE] [DOM] Input elements should have autocomplete attributes (suggested: "current-password"): (More info: https://goo.gl/9p2vKq) %o @ http://localhost:8080/auth:0
[ 6545382ms] [VERBOSE] [DOM] Input elements should have autocomplete attributes (suggested: "current-password"): (More info: https://goo.gl/9p2vKq) %o @ http://localhost:8080/auth:0
[10992034ms] [ERROR] Failed to load resource: the server responded with a status of 400 () @ https://wexuzgrgpuuynirloryg.supabase.co/auth/v1/token?grant_type=password:0
[15424836ms] [VERBOSE] [DOM] Input elements should have autocomplete attributes (suggested: "current-password"): (More info: https://goo.gl/9p2vKq) %o @ http://localhost:8080/auth:0
[16103011ms] [LOG] [vite] server connection lost. Polling for restart... @ http://localhost:8080/@vite/client:559
[16103368ms] [INFO] %cDownload the React DevTools for a better development experience: https://reactjs.org/link/react-devtools font-weight:bold @ http://localhost:8080/node_modules/.vite/deps/chunk-T2SWDQEL.js?v=7f0cc474:21550
[16103403ms] [WARNING] ⚠️ React Router Future Flag Warning: React Router will begin wrapping state updates in `React.startTransition` in v7. You can use the `v7_startTransition` future flag to opt-in early. For more information, see https://reactrouter.com/v6/upgrading/future#v7_starttransition. @ http://localhost:8080/node_modules/.vite/deps/react-router-dom.js?v=7f0cc474:4435
[16103403ms] [WARNING] ⚠️ React Router Future Flag Warning: Relative route resolution within Splat routes is changing in v7. You can use the `v7_relativeSplatPath` future flag to opt-in early. For more information, see https://reactrouter.com/v6/upgrading/future#v7_relativesplatpath. @ http://localhost:8080/node_modules/.vite/deps/react-router-dom.js?v=7f0cc474:4435
[16103516ms] [VERBOSE] [DOM] Input elements should have autocomplete attributes (suggested: "current-password"): (More info: https://goo.gl/9p2vKq) %o @ http://localhost:8080/auth:0
[16803329ms] [LOG] [vite] server connection lost. Polling for restart... @ http://localhost:8080/@vite/client:559
[16803647ms] [INFO] %cDownload the React DevTools for a better development experience: https://reactjs.org/link/react-devtools font-weight:bold @ http://localhost:8080/node_modules/.vite/deps/chunk-T2SWDQEL.js?v=7f0cc474:21550
[16803673ms] [WARNING] ⚠️ React Router Future Flag Warning: React Router will begin wrapping state updates in `React.startTransition` in v7. You can use the `v7_startTransition` future flag to opt-in early. For more information, see https://reactrouter.com/v6/upgrading/future#v7_starttransition. @ http://localhost:8080/node_modules/.vite/deps/react-router-dom.js?v=7f0cc474:4435
[16803673ms] [WARNING] ⚠️ React Router Future Flag Warning: Relative route resolution within Splat routes is changing in v7. You can use the `v7_relativeSplatPath` future flag to opt-in early. For more information, see https://reactrouter.com/v6/upgrading/future#v7_relativesplatpath. @ http://localhost:8080/node_modules/.vite/deps/react-router-dom.js?v=7f0cc474:4435
[16803804ms] [VERBOSE] [DOM] Input elements should have autocomplete attributes (suggested: "current-password"): (More info: https://goo.gl/9p2vKq) %o @ http://localhost:8080/auth:0
[16849382ms] [LOG] [vite] server connection lost. Polling for restart... @ http://localhost:8080/@vite/client:559
[16849527ms] [INFO] %cDownload the React DevTools for a better development experience: https://reactjs.org/link/react-devtools font-weight:bold @ http://localhost:8080/node_modules/.vite/deps/chunk-T2SWDQEL.js?v=7f0cc474:21550
[16849547ms] [WARNING] ⚠️ React Router Future Flag Warning: React Router will begin wrapping state updates in `React.startTransition` in v7. You can use the `v7_startTransition` future flag to opt-in early. For more information, see https://reactrouter.com/v6/upgrading/future#v7_starttransition. @ http://localhost:8080/node_modules/.vite/deps/react-router-dom.js?v=7f0cc474:4435
[16849547ms] [WARNING] ⚠️ React Router Future Flag Warning: Relative route resolution within Splat routes is changing in v7. You can use the `v7_relativeSplatPath` future flag to opt-in early. For more information, see https://reactrouter.com/v6/upgrading/future#v7_relativesplatpath. @ http://localhost:8080/node_modules/.vite/deps/react-router-dom.js?v=7f0cc474:4435
[16849671ms] [VERBOSE] [DOM] Input elements should have autocomplete attributes (suggested: "current-password"): (More info: https://goo.gl/9p2vKq) %o @ http://localhost:8080/auth:0
[16863946ms] [LOG] [vite] server connection lost. Polling for restart... @ http://localhost:8080/@vite/client:559
[16863948ms] [ERROR] Failed to load resource: net::ERR_CONNECTION_REFUSED @ http://localhost:8080/:0
[16865209ms] [INFO] %cDownload the React DevTools for a better development experience: https://reactjs.org/link/react-devtools font-weight:bold @ http://localhost:8080/node_modules/.vite/deps/chunk-T2SWDQEL.js?v=7f0cc474:21550
[16865228ms] [WARNING] ⚠️ React Router Future Flag Warning: React Router will begin wrapping state updates in `React.startTransition` in v7. You can use the `v7_startTransition` future flag to opt-in early. For more information, see https://reactrouter.com/v6/upgrading/future#v7_starttransition. @ http://localhost:8080/node_modules/.vite/deps/react-router-dom.js?v=7f0cc474:4435
[16865228ms] [WARNING] ⚠️ React Router Future Flag Warning: Relative route resolution within Splat routes is changing in v7. You can use the `v7_relativeSplatPath` future flag to opt-in early. For more information, see https://reactrouter.com/v6/upgrading/future#v7_relativesplatpath. @ http://localhost:8080/node_modules/.vite/deps/react-router-dom.js?v=7f0cc474:4435
[16865352ms] [VERBOSE] [DOM] Input elements should have autocomplete attributes (suggested: "current-password"): (More info: https://goo.gl/9p2vKq) %o @ http://localhost:8080/auth:0
